{"name":"Paul","age":30,"position":["dev",["Company",{"name":"Dialo","address":"Canary Islands"}]],"version":1,"skills":[["design","typography"],["computer science","ocaml"]]}
---
{"name":"Paul","age":30,"position":["dev",["Company",{"name":"Dialo","address":"Canary Islands"}]],"version":1,"skills":[["design","typography"],["computer science","ocaml"]]}
---
